
> tu-notes-hub@0.1.0 build
> prisma generate && next build

Loaded Prisma config from prisma.config.ts.

Prisma config detected, skipping environment variable loading.
Prisma schema loaded from prisma\schema.prisma

✔ Generated Prisma Client (v6.19.3) to .\node_modules\@prisma\client in 151ms

Start by importing your Prisma Client (See: https://pris.ly/d/importing-client)

Tip: Interested in query caching in just a few lines of code? Try Accelerate today! https://pris.ly/tip-3-accelerate

▲ Next.js 16.2.10 (Turbopack)
- Environments: .env.local, .env

  Creating an optimized production build ...
✓ Compiled successfully in 7.8s
  Running TypeScript ...
  Finished TypeScript in 12.1s ...
  Collecting page data using 11 workers ...
  Generating static pages using 11 workers (0/403) ...
  Generating static pages using 11 workers (100/403) 
  Generating static pages using 11 workers (201/403) 
  Generating static pages using 11 workers (302/403) 

<--- Last few GCs --->

[1712:0000023CD01B4000]    11722 ms: Scavenge 47.5 (69.1) -> 36.7 (69.6) MB, pooled: 0 MB, 2.24 / 0.01 ms  (average mu = 0.997, current mu = 0.998) task; 

FATAL ERROR: Zone Allocation failed - process out of memory
----- Native stack trace -----


<--- Last few GCs --->

[1712:0000023CD01B4000]    11722 ms: Scavenge 47.5 (69.1) -> 36.7 (69.6) MB, pooled: 0 MB, 2.24 / 0.01 ms  (average mu = 0.997, current mu = 0.998) task; 

FATAL ERROR: Zone Allocation failed - process out of memory
----- Native stack trace -----

 1: 00007FF6EB55C36F 
 2: 00007FF6EC1A4D77 
 3: 00007FF6EBB1FBD6 
 4: 00007FF6EB9BD2EC 
 5: 00007FF6EB94DFC1 
 6: 00007FF6EB9F7AD3 
 7: 00007FF6EB9F59DA 
 1: 00007FF6EB55C36F 
 8: 00007FF6EC1189AF 
 9: 00007FF6EB9F74BB 
 2: 00007FF6EC1A4D77 
10: 00007FF6EC98570F 
 3: 00007FF6EBB1FBD6 
11: 00007FF6EB4ACD8E 
 4: 00007FF6EBEB40AF 
12: 00007FF6EC1FA096 
 5: 00007FF6EBEB3EBF 
13: 00007FF6ED4592B3 
 6: 00007FF6ED18A532 
14: 00007FFD8689CCB7 
 7: 00007FF6ED18A6EC 
15: 00007FFD88A0CAEC 
 8: 00007FF6ED18AAF5 
 9: 00007FF6ED043CBB 
10: 00007FF6ED048A13 
11: 00007FF6ED0445BC 
12: 00007FF6ED0443D6 
13: 00007FF6ED056EAD 
14: 00007FF6ECBBFD58 
15: 00007FF6ECB9A3ED 
16: 00007FF6ECB97579 
17: 00007FF6ECB971DE 
18: 00007FF6EC1189AF 
19: 00007FF6EC0DDA3D 
20: 00007FF6EC0DD735 
21: 00007FF6EC98570F 
22: 00007FF6EB4ACD8E 
23: 00007FF6EC1FA096 
24: 00007FF6ED4592B3 
25: 00007FFD8689CCB7 
26: 00007FFD88A0CAEC 
⨯ Next.js build worker exited with code: 134 and signal: null
